../Core/Src/inv_mpu.c:511:12:set_int_enable	40	static
../Core/Src/inv_mpu.c:543:5:mpu_reg_dump	32	static
../Core/Src/inv_mpu.c:565:5:mpu_read_reg	32	static
../Core/Src/inv_mpu.c:587:5:mpu_init	40	static
../Core/Src/inv_mpu.c:715:5:mpu_lp_accel_mode	40	static
../Core/Src/inv_mpu.c:799:5:mpu_get_gyro_reg	40	static
../Core/Src/inv_mpu.c:822:5:mpu_get_accel_reg	40	static
../Core/Src/inv_mpu.c:845:5:mpu_get_temperature	48	static
../Core/Src/inv_mpu.c:870:5:mpu_set_accel_bias	64	static
../Core/Src/inv_mpu.c:919:5:mpu_reset_fifo	32	static
../Core/Src/inv_mpu.c:981:5:mpu_get_gyro_fsr	16	static
../Core/Src/inv_mpu.c:1008:5:mpu_set_gyro_fsr	40	static
../Core/Src/inv_mpu.c:1045:5:mpu_get_accel_fsr	16	static
../Core/Src/inv_mpu.c:1073:5:mpu_set_accel_fsr	40	static
../Core/Src/inv_mpu.c:1110:5:mpu_get_lpf	16	static
../Core/Src/inv_mpu.c:1146:5:mpu_set_lpf	40	static
../Core/Src/inv_mpu.c:1179:5:mpu_get_sample_rate	16	static
../Core/Src/inv_mpu.c:1194:5:mpu_set_sample_rate	40	static
../Core/Src/inv_mpu.c:1241:5:mpu_get_compass_sample_rate	16	static
../Core/Src/inv_mpu.c:1263:5:mpu_set_compass_sample_rate	16	static
../Core/Src/inv_mpu.c:1285:5:mpu_get_gyro_sens	16	static
../Core/Src/inv_mpu.c:1311:5:mpu_get_accel_sens	16	static
../Core/Src/inv_mpu.c:1343:5:mpu_get_fifo_config	16	static
../Core/Src/inv_mpu.c:1358:5:mpu_configure_fifo	24	static
../Core/Src/inv_mpu.c:1400:5:mpu_get_power_state	16	static
../Core/Src/inv_mpu.c:1419:5:mpu_set_sensors	40	static
../Core/Src/inv_mpu.c:1496:5:mpu_get_int_status	40	static
../Core/Src/inv_mpu.c:1525:5:mpu_read_fifo	64	static
../Core/Src/inv_mpu.c:1606:5:mpu_read_fifo_stream	48	static
../Core/Src/inv_mpu.c:1644:5:mpu_set_bypass	40	static
../Core/Src/inv_mpu.c:1694:5:mpu_set_int_level	16	static
../Core/Src/inv_mpu.c:1706:5:mpu_set_int_latched	40	static
../Core/Src/inv_mpu.c:1727:12:get_accel_prod_shift	56	static
../Core/Src/inv_mpu.c:1752:12:accel_self_test	48	static
../Core/Src/inv_mpu.c:1772:12:gyro_self_test	56	static
../Core/Src/inv_mpu.c:1856:12:get_st_biases	272	static
../Core/Src/inv_mpu.c:1996:5:mpu_run_self_test	64	static
../Core/Src/inv_mpu.c:2098:5:mpu_write_mem	40	static
../Core/Src/inv_mpu.c:2131:5:mpu_read_mem	40	static
../Core/Src/inv_mpu.c:2163:5:mpu_load_firmware	64	static
../Core/Src/inv_mpu.c:2204:5:mpu_set_dmp_state	40	static
../Core/Src/inv_mpu.c:2243:5:mpu_get_dmp_state	16	static
../Core/Src/inv_mpu.c:2251:12:setup_compass	4	static
../Core/Src/inv_mpu.c:2362:5:mpu_get_compass_reg	16	static
../Core/Src/inv_mpu.c:2415:5:mpu_get_compass_fsr	16	static
../Core/Src/inv_mpu.c:2469:5:mpu_lp_motion_interrupt	48	static
