../Core/Src/inv_mpu_dmp_motion_driver.c:466:5:dmp_load_motion_driver_firmware	8	static
../Core/Src/inv_mpu_dmp_motion_driver.c:479:5:dmp_set_orientation	40	static
../Core/Src/inv_mpu_dmp_motion_driver.c:534:5:dmp_set_gyro_bias	80	static
../Core/Src/inv_mpu_dmp_motion_driver.c:586:5:dmp_set_accel_bias	112	static,ignoring_inline_asm
../Core/Src/inv_mpu_dmp_motion_driver.c:639:5:dmp_set_fifo_rate	40	static
../Core/Src/inv_mpu_dmp_motion_driver.c:665:5:dmp_get_fifo_rate	16	static
../Core/Src/inv_mpu_dmp_motion_driver.c:677:5:dmp_set_tap_thresh	32	static
../Core/Src/inv_mpu_dmp_motion_driver.c:743:5:dmp_set_tap_axes	24	static
../Core/Src/inv_mpu_dmp_motion_driver.c:761:5:dmp_set_tap_count	24	static
../Core/Src/inv_mpu_dmp_motion_driver.c:779:5:dmp_set_tap_time	24	static
../Core/Src/inv_mpu_dmp_motion_driver.c:795:5:dmp_set_tap_time_multi	24	static
../Core/Src/inv_mpu_dmp_motion_driver.c:813:5:dmp_set_shake_reject_thresh	24	static
../Core/Src/inv_mpu_dmp_motion_driver.c:832:5:dmp_set_shake_reject_time	24	static
../Core/Src/inv_mpu_dmp_motion_driver.c:850:5:dmp_set_shake_reject_timeout	24	static
../Core/Src/inv_mpu_dmp_motion_driver.c:865:5:dmp_get_pedometer_step_count	24	static
../Core/Src/inv_mpu_dmp_motion_driver.c:886:5:dmp_set_pedometer_step_count	24	static
../Core/Src/inv_mpu_dmp_motion_driver.c:902:5:dmp_get_pedometer_walk_time	24	static
../Core/Src/inv_mpu_dmp_motion_driver.c:922:5:dmp_set_pedometer_walk_time	24	static
../Core/Src/inv_mpu_dmp_motion_driver.c:952:5:dmp_enable_feature	32	static
../Core/Src/inv_mpu_dmp_motion_driver.c:1074:5:dmp_get_enabled_features	16	static
../Core/Src/inv_mpu_dmp_motion_driver.c:1089:5:dmp_enable_gyro_cal	40	static
../Core/Src/inv_mpu_dmp_motion_driver.c:1107:5:dmp_enable_lp_quat	24	static
../Core/Src/inv_mpu_dmp_motion_driver.c:1131:5:dmp_enable_6x_lp_quat	24	static
../Core/Src/inv_mpu_dmp_motion_driver.c:1152:12:decode_gesture	24	static
../Core/Src/inv_mpu_dmp_motion_driver.c:1184:5:dmp_set_interrupt_mode	40	static
../Core/Src/inv_mpu_dmp_motion_driver.c:1223:5:dmp_read_fifo	80	static
../Core/Src/inv_mpu_dmp_motion_driver.c:1316:5:dmp_register_tap_cb	16	static
../Core/Src/inv_mpu_dmp_motion_driver.c:1327:5:dmp_register_android_orient_cb	16	static
